<?xml version="1.0" encoding="UTF-8"?>
<TestRun id="ed5b20a9-fd18-442c-9546-8b3aa7621971" name="Satya@MUNNI 2015-10-18 00:54:53" runUser="MUNNI\Satya" xmlns="http://microsoft.com/schemas/VisualStudio/TeamTest/2010">
  <TestSettings name="Trace and Test Impact" id="4bd7c977-d797-4438-8844-9a4eecadc229">
    <Description>These are test settings for Trace and Test Impact.</Description>
    <Deployment runDeploymentRoot="Satya_MUNNI 2015-10-18 00_54_53">
      <DeploymentItem filename="C:\Users\Satya\Desktop\SeleniumTest\QAWorksTest\TestStagingSite\..\..\SeleniumDriver\net40\ThoughtWorks.Selenium.Core.dll" />
      <DeploymentItem filename="C:\Users\Satya\Desktop\SeleniumTest\QAWorksTest\TestStagingSite\..\..\SeleniumDriver\net40\Selenium.WebDriverBackedSelenium.dll" />
      <DeploymentItem filename="C:\Users\Satya\Desktop\SeleniumTest\QAWorksTest\TestStagingSite\..\..\SeleniumDriver\net40\WebDriver.dll" />
      <DeploymentItem filename="C:\Users\Satya\Desktop\SeleniumTest\QAWorksTest\TestStagingSite\..\..\SeleniumDriver\net40\WebDriver.Support.dll" />
    </Deployment>
    <Execution>
      <TestTypeSpecific />
      <AgentRule name="Execution Agents">
        <DataCollectors>
          <DataCollector uri="datacollector://microsoft/SystemInfo/1.0" assemblyQualifiedName="Microsoft.VisualStudio.TestTools.DataCollection.SystemInfo.SystemInfoDataCollector, Microsoft.VisualStudio.TestTools.DataCollection.SystemInfo, Version=10.0.0.0, Culture=neutral, PublicKeyToken=b03f5f7f11d50a3a" friendlyName="System Information">
          </DataCollector>
          <DataCollector uri="datacollector://microsoft/ActionLog/1.0" assemblyQualifiedName="Microsoft.VisualStudio.TestTools.ManualTest.ActionLog.ActionLogPlugin, Microsoft.VisualStudio.TestTools.ManualTest.ActionLog, Version=10.0.0.0, Culture=neutral, PublicKeyToken=b03f5f7f11d50a3a" friendlyName="Actions">
          </DataCollector>
          <DataCollector uri="datacollector://microsoft/HttpProxy/1.0" assemblyQualifiedName="Microsoft.VisualStudio.TraceCollector.HttpProxyCollector, Microsoft.VisualStudio.TraceCollector, Version=10.0.0.0, Culture=neutral, PublicKeyToken=b03f5f7f11d50a3a" friendlyName="ASP.NET Client Proxy for IntelliTrace and Test Impact">
          </DataCollector>
          <DataCollector uri="datacollector://microsoft/TestImpact/1.0" assemblyQualifiedName="Microsoft.VisualStudio.TraceCollector.TestImpactDataCollector, Microsoft.VisualStudio.TraceCollector, Version=10.0.0.0, Culture=neutral, PublicKeyToken=b03f5f7f11d50a3a" friendlyName="Test Impact">
          </DataCollector>
          <DataCollector uri="datacollector://microsoft/TraceDebugger/1.0" assemblyQualifiedName="Microsoft.VisualStudio.TraceCollector.TraceDebuggerDataCollector, Microsoft.VisualStudio.TraceCollector, Version=10.0.0.0, Culture=neutral, PublicKeyToken=b03f5f7f11d50a3a" friendlyName="IntelliTrace">
          </DataCollector>
        </DataCollectors>
      </AgentRule>
    </Execution>
  </TestSettings>
  <Times creation="2015-10-18T00:54:53.1148209+01:00" queuing="2015-10-18T00:54:53.4585856+01:00" start="2015-10-18T00:54:55.9155221+01:00" finish="2015-10-18T00:55:20.3413464+01:00" />
  <ResultSummary outcome="Failed">
    <Counters total="4" executed="4" passed="3" error="0" failed="1" timeout="0" aborted="0" inconclusive="0" passedButRunAborted="0" notRunnable="0" notExecuted="0" disconnected="0" warning="0" completed="0" inProgress="0" pending="0" />
    <CollectorDataEntries>
      <Collector agentName="MUNNI" uri="datacollector://microsoft/SystemInfo/1.0" collectorDisplayName="System Information">
        <UriAttachments>
          <UriAttachment>
            <A href="MUNNI\SystemInformation.xml">System Information from MUNNI</A>
          </UriAttachment>
        </UriAttachments>
      </Collector>
    </CollectorDataEntries>
  </ResultSummary>
  <TestDefinitions>
    <UnitTest name="TestInvaidEmailAndClickSend" storage="c:\users\satya\desktop\seleniumtest\qaworkstest\teststagingsite\bin\debug\teststagingsite.dll" id="445adb9a-fb3b-77ea-5c9d-9c1d8e76c1ba">
      <Execution id="b82b19c7-cc8e-4d6f-833d-b3d6bd214bb7" />
      <TestMethod codeBase="C:/Users/Satya/Desktop/SeleniumTest/QAWorksTest/TestStagingSite/bin/Debug/TestStagingSite.DLL" adapterTypeName="Microsoft.VisualStudio.TestTools.TestTypes.Unit.UnitTestAdapter, Microsoft.VisualStudio.QualityTools.Tips.UnitTest.Adapter, Version=10.0.0.0, Culture=neutral, PublicKeyToken=b03f5f7f11d50a3a" className="TestStagingSite.TestContactUs, TestStagingSite, Version=1.0.0.0, Culture=neutral, PublicKeyToken=null" name="TestInvaidEmailAndClickSend" />
    </UnitTest>
    <UnitTest name="TestValidSubmission" storage="c:\users\satya\desktop\seleniumtest\qaworkstest\teststagingsite\bin\debug\teststagingsite.dll" id="530facef-20e5-c263-5632-3bbc067df1f9">
      <Execution id="3c6b538b-efec-430a-af9d-ae0bc8ab7d92" />
      <TestMethod codeBase="C:/Users/Satya/Desktop/SeleniumTest/QAWorksTest/TestStagingSite/bin/Debug/TestStagingSite.DLL" adapterTypeName="Microsoft.VisualStudio.TestTools.TestTypes.Unit.UnitTestAdapter, Microsoft.VisualStudio.QualityTools.Tips.UnitTest.Adapter, Version=10.0.0.0, Culture=neutral, PublicKeyToken=b03f5f7f11d50a3a" className="TestStagingSite.TestContactUs, TestStagingSite, Version=1.0.0.0, Culture=neutral, PublicKeyToken=null" name="TestValidSubmission" />
    </UnitTest>
    <UnitTest name="TestEnteringBlankDataAndClickSend" storage="c:\users\satya\desktop\seleniumtest\qaworkstest\teststagingsite\bin\debug\teststagingsite.dll" id="1d4b0824-427d-90b9-7317-152fa2c09ef3">
      <Execution id="7412754a-7432-46a6-b427-84fffa601440" />
      <TestMethod codeBase="C:/Users/Satya/Desktop/SeleniumTest/QAWorksTest/TestStagingSite/bin/Debug/TestStagingSite.DLL" adapterTypeName="Microsoft.VisualStudio.TestTools.TestTypes.Unit.UnitTestAdapter, Microsoft.VisualStudio.QualityTools.Tips.UnitTest.Adapter, Version=10.0.0.0, Culture=neutral, PublicKeyToken=b03f5f7f11d50a3a" className="TestStagingSite.TestContactUs, TestStagingSite, Version=1.0.0.0, Culture=neutral, PublicKeyToken=null" name="TestEnteringBlankDataAndClickSend" />
    </UnitTest>
    <UnitTest name="TestInvaidEmail" storage="c:\users\satya\desktop\seleniumtest\qaworkstest\teststagingsite\bin\debug\teststagingsite.dll" id="40c6c294-cd56-452d-0c3f-a20f2f610c18">
      <Execution id="9fe30674-53df-4fb7-baf5-fa13e031467d" />
      <TestMethod codeBase="C:/Users/Satya/Desktop/SeleniumTest/QAWorksTest/TestStagingSite/bin/Debug/TestStagingSite.DLL" adapterTypeName="Microsoft.VisualStudio.TestTools.TestTypes.Unit.UnitTestAdapter, Microsoft.VisualStudio.QualityTools.Tips.UnitTest.Adapter, Version=10.0.0.0, Culture=neutral, PublicKeyToken=b03f5f7f11d50a3a" className="TestStagingSite.TestContactUs, TestStagingSite, Version=1.0.0.0, Culture=neutral, PublicKeyToken=null" name="TestInvaidEmail" />
    </UnitTest>
  </TestDefinitions>
  <TestLists>
    <TestList name="Results Not in a List" id="8c84fa94-04c1-424b-9868-57a2d4851a1d" />
    <TestList name="All Loaded Results" id="19431567-8539-422a-85d7-44ee4e166bda" />
  </TestLists>
  <TestEntries>
    <TestEntry testId="530facef-20e5-c263-5632-3bbc067df1f9" executionId="3c6b538b-efec-430a-af9d-ae0bc8ab7d92" testListId="8c84fa94-04c1-424b-9868-57a2d4851a1d" />
    <TestEntry testId="40c6c294-cd56-452d-0c3f-a20f2f610c18" executionId="9fe30674-53df-4fb7-baf5-fa13e031467d" testListId="8c84fa94-04c1-424b-9868-57a2d4851a1d" />
    <TestEntry testId="1d4b0824-427d-90b9-7317-152fa2c09ef3" executionId="7412754a-7432-46a6-b427-84fffa601440" testListId="8c84fa94-04c1-424b-9868-57a2d4851a1d" />
    <TestEntry testId="445adb9a-fb3b-77ea-5c9d-9c1d8e76c1ba" executionId="b82b19c7-cc8e-4d6f-833d-b3d6bd214bb7" testListId="8c84fa94-04c1-424b-9868-57a2d4851a1d" />
  </TestEntries>
  <Results>
    <UnitTestResult executionId="3c6b538b-efec-430a-af9d-ae0bc8ab7d92" testId="530facef-20e5-c263-5632-3bbc067df1f9" testName="TestValidSubmission" computerName="MUNNI" duration="00:00:09.7570224" startTime="2015-10-18T00:54:56.0675910+01:00" endTime="2015-10-18T00:55:12.5784863+01:00" testType="13cdc9d9-ddb5-4fa4-a97d-d965ccfc6d4b" outcome="Passed" testListId="8c84fa94-04c1-424b-9868-57a2d4851a1d" relativeResultsDirectory="3c6b538b-efec-430a-af9d-ae0bc8ab7d92">
      <CollectorDataEntries>
        <Collector agentName="MUNNI" uri="datacollector://microsoft/SystemInfo/1.0" collectorDisplayName="System Information">
          <UriAttachments>
            <UriAttachment>
              <A href="MUNNI\SystemInformation.xml">System Information from MUNNI</A>
            </UriAttachment>
          </UriAttachments>
        </Collector>
      </CollectorDataEntries>
      <DataCollectorMessages>
        <DataCollectorMessage timestamp="2015-10-18T00:55:12.5714808+01:00" dataCollectorUri="datacollector://microsoft/TestImpact/1.0" dataCollectorFriendlyName="Test Impact" agentName="MUNNI" level="Warning">
          <Text>No Microsoft .NET applications were launched during the test run. Launch applications from Explorer or a new command prompt after a test case has started. If no .NET application is being tested, disable the Test Impact and IntelliTrace diagnostic data adapters.</Text>
        </DataCollectorMessage>
      </DataCollectorMessages>
    </UnitTestResult>
    <UnitTestResult executionId="9fe30674-53df-4fb7-baf5-fa13e031467d" testId="40c6c294-cd56-452d-0c3f-a20f2f610c18" testName="TestInvaidEmail" computerName="MUNNI" duration="00:00:02.0104544" startTime="2015-10-18T00:55:12.5904975+01:00" endTime="2015-10-18T00:55:14.6152671+01:00" testType="13cdc9d9-ddb5-4fa4-a97d-d965ccfc6d4b" outcome="Passed" testListId="8c84fa94-04c1-424b-9868-57a2d4851a1d" relativeResultsDirectory="9fe30674-53df-4fb7-baf5-fa13e031467d">
      <CollectorDataEntries>
        <Collector agentName="MUNNI" uri="datacollector://microsoft/SystemInfo/1.0" collectorDisplayName="System Information">
          <UriAttachments>
            <UriAttachment>
              <A href="MUNNI\SystemInformation.xml">System Information from MUNNI</A>
            </UriAttachment>
          </UriAttachments>
        </Collector>
      </CollectorDataEntries>
      <DataCollectorMessages>
        <DataCollectorMessage timestamp="2015-10-18T00:55:14.6152671+01:00" dataCollectorUri="datacollector://microsoft/TestImpact/1.0" dataCollectorFriendlyName="Test Impact" agentName="MUNNI" level="Warning">
          <Text>No Microsoft .NET applications were launched during the test run. Launch applications from Explorer or a new command prompt after a test case has started. If no .NET application is being tested, disable the Test Impact and IntelliTrace diagnostic data adapters.</Text>
        </DataCollectorMessage>
      </DataCollectorMessages>
    </UnitTestResult>
    <UnitTestResult executionId="7412754a-7432-46a6-b427-84fffa601440" testId="1d4b0824-427d-90b9-7317-152fa2c09ef3" testName="TestEnteringBlankDataAndClickSend" computerName="MUNNI" duration="00:00:01.7047604" startTime="2015-10-18T00:55:14.6367988+01:00" endTime="2015-10-18T00:55:16.3556917+01:00" testType="13cdc9d9-ddb5-4fa4-a97d-d965ccfc6d4b" outcome="Passed" testListId="8c84fa94-04c1-424b-9868-57a2d4851a1d" relativeResultsDirectory="7412754a-7432-46a6-b427-84fffa601440">
      <CollectorDataEntries>
        <Collector agentName="MUNNI" uri="datacollector://microsoft/SystemInfo/1.0" collectorDisplayName="System Information">
          <UriAttachments>
            <UriAttachment>
              <A href="MUNNI\SystemInformation.xml">System Information from MUNNI</A>
            </UriAttachment>
          </UriAttachments>
        </Collector>
      </CollectorDataEntries>
      <DataCollectorMessages>
        <DataCollectorMessage timestamp="2015-10-18T00:55:16.3543624+01:00" dataCollectorUri="datacollector://microsoft/TestImpact/1.0" dataCollectorFriendlyName="Test Impact" agentName="MUNNI" level="Warning">
          <Text>No Microsoft .NET applications were launched during the test run. Launch applications from Explorer or a new command prompt after a test case has started. If no .NET application is being tested, disable the Test Impact and IntelliTrace diagnostic data adapters.</Text>
        </DataCollectorMessage>
      </DataCollectorMessages>
    </UnitTestResult>
    <UnitTestResult executionId="b82b19c7-cc8e-4d6f-833d-b3d6bd214bb7" testId="445adb9a-fb3b-77ea-5c9d-9c1d8e76c1ba" testName="TestInvaidEmailAndClickSend" computerName="MUNNI" duration="00:00:02.5463931" startTime="2015-10-18T00:55:16.3556917+01:00" endTime="2015-10-18T00:55:18.9326612+01:00" testType="13cdc9d9-ddb5-4fa4-a97d-d965ccfc6d4b" outcome="Failed" testListId="8c84fa94-04c1-424b-9868-57a2d4851a1d" relativeResultsDirectory="b82b19c7-cc8e-4d6f-833d-b3d6bd214bb7">
      <Output>
        <ErrorInfo>
          <Message>Assert.IsNull failed. Assert.IsTrue failed. Invalid Email Address</Message>
          <StackTrace>   at TestStagingSite.TestContactUs.TestInvaidEmailAndClickSend() in C:\Users\Satya\Desktop\SeleniumTest\QAWorksTest\TestStagingSite\TestContactUs.cs:line 136
</StackTrace>
        </ErrorInfo>
      </Output>
      <CollectorDataEntries>
        <Collector agentName="MUNNI" uri="datacollector://microsoft/SystemInfo/1.0" collectorDisplayName="System Information">
          <UriAttachments>
            <UriAttachment>
              <A href="MUNNI\SystemInformation.xml">System Information from MUNNI</A>
            </UriAttachment>
          </UriAttachments>
        </Collector>
      </CollectorDataEntries>
      <DataCollectorMessages>
        <DataCollectorMessage timestamp="2015-10-18T00:55:18.9326612+01:00" dataCollectorUri="datacollector://microsoft/TestImpact/1.0" dataCollectorFriendlyName="Test Impact" agentName="MUNNI" level="Warning">
          <Text>No Microsoft .NET applications were launched during the test run. Launch applications from Explorer or a new command prompt after a test case has started. If no .NET application is being tested, disable the Test Impact and IntelliTrace diagnostic data adapters.</Text>
        </DataCollectorMessage>
      </DataCollectorMessages>
    </UnitTestResult>
  </Results>
</TestRun>