<?xml version="1.0" encoding="UTF-8"?>
<TestRun id="a6011d88-cd72-4750-aecd-143b189ba59a" name="Satya@MUNNI 2015-10-18 00:36:55" runUser="MUNNI\Satya" xmlns="http://microsoft.com/schemas/VisualStudio/TeamTest/2010">
  <TestSettings name="Local" id="40149abf-9c58-40c2-b6c8-6a2fb1e58608">
    <Description>These are default test settings for a local test run.</Description>
    <Deployment enabled="false" runDeploymentRoot="Satya_MUNNI 2015-10-18 00_36_55">
      <DeploymentItem filename="C:\Users\Satya\Desktop\SeleniumTest\SeleniumDriver\net40\WebDriver.dll" />
      <DeploymentItem filename="C:\Users\Satya\Desktop\SeleniumTest\SeleniumDriver\net40\WebDriver.Support.dll" />
      <DeploymentItem filename="C:\Users\Satya\Desktop\SeleniumTest\SeleniumDriver\net40\ThoughtWorks.Selenium.Core.dll" />
      <DeploymentItem filename="C:\Users\Satya\Desktop\SeleniumTest\SeleniumDriver\net40\Selenium.WebDriverBackedSelenium.dll" />
    </Deployment>
    <Execution>
      <TestTypeSpecific />
      <AgentRule name="Execution Agents">
      </AgentRule>
    </Execution>
  </TestSettings>
  <Times creation="2015-10-18T00:36:55.0054255+01:00" queuing="2015-10-18T00:36:56.1304810+01:00" start="2015-10-18T00:36:56.2086097+01:00" finish="2015-10-18T00:36:57.2473113+01:00" />
  <ResultSummary outcome="Failed">
    <Counters total="4" executed="4" error="0" failed="4" timeout="0" aborted="0" inconclusive="0" passedButRunAborted="0" notRunnable="0" notExecuted="0" disconnected="0" warning="0" passed="0" completed="0" inProgress="0" pending="0" />
  </ResultSummary>
  <TestDefinitions>
    <UnitTest name="TestInvaidEmailAndClickSend" storage="c:\users\satya\desktop\seleniumtest\qaworkstest\teststagingsite\bin\debug\teststagingsite.dll" id="445adb9a-fb3b-77ea-5c9d-9c1d8e76c1ba">
      <Execution id="c2f69829-bbce-4423-b968-8492c3e1d4f0" />
      <TestMethod codeBase="C:/Users/Satya/Desktop/SeleniumTest/QAWorksTest/TestStagingSite/bin/Debug/TestStagingSite.DLL" adapterTypeName="Microsoft.VisualStudio.TestTools.TestTypes.Unit.UnitTestAdapter, Microsoft.VisualStudio.QualityTools.Tips.UnitTest.Adapter, Version=10.0.0.0, Culture=neutral, PublicKeyToken=b03f5f7f11d50a3a" className="TestStagingSite.TestContactUs, TestStagingSite, Version=1.0.0.0, Culture=neutral, PublicKeyToken=null" name="TestInvaidEmailAndClickSend" />
    </UnitTest>
    <UnitTest name="TestValidSubmission" storage="c:\users\satya\desktop\seleniumtest\qaworkstest\teststagingsite\bin\debug\teststagingsite.dll" id="530facef-20e5-c263-5632-3bbc067df1f9">
      <Execution id="66ec96d1-e975-430a-a22e-fbb9996b9d87" />
      <TestMethod codeBase="C:/Users/Satya/Desktop/SeleniumTest/QAWorksTest/TestStagingSite/bin/Debug/TestStagingSite.DLL" adapterTypeName="Microsoft.VisualStudio.TestTools.TestTypes.Unit.UnitTestAdapter, Microsoft.VisualStudio.QualityTools.Tips.UnitTest.Adapter, Version=10.0.0.0, Culture=neutral, PublicKeyToken=b03f5f7f11d50a3a" className="TestStagingSite.TestContactUs, TestStagingSite, Version=1.0.0.0, Culture=neutral, PublicKeyToken=null" name="TestValidSubmission" />
    </UnitTest>
    <UnitTest name="TestEnteringBlankDataAndClickSend" storage="c:\users\satya\desktop\seleniumtest\qaworkstest\teststagingsite\bin\debug\teststagingsite.dll" id="1d4b0824-427d-90b9-7317-152fa2c09ef3">
      <Execution id="ec0c660a-7eb5-46f7-a44a-976f38d83211" />
      <TestMethod codeBase="C:/Users/Satya/Desktop/SeleniumTest/QAWorksTest/TestStagingSite/bin/Debug/TestStagingSite.DLL" adapterTypeName="Microsoft.VisualStudio.TestTools.TestTypes.Unit.UnitTestAdapter, Microsoft.VisualStudio.QualityTools.Tips.UnitTest.Adapter, Version=10.0.0.0, Culture=neutral, PublicKeyToken=b03f5f7f11d50a3a" className="TestStagingSite.TestContactUs, TestStagingSite, Version=1.0.0.0, Culture=neutral, PublicKeyToken=null" name="TestEnteringBlankDataAndClickSend" />
    </UnitTest>
    <UnitTest name="TestInvaidEmail" storage="c:\users\satya\desktop\seleniumtest\qaworkstest\teststagingsite\bin\debug\teststagingsite.dll" id="40c6c294-cd56-452d-0c3f-a20f2f610c18">
      <Execution id="661cf777-6ab4-4971-a818-3f3c9480547f" />
      <TestMethod codeBase="C:/Users/Satya/Desktop/SeleniumTest/QAWorksTest/TestStagingSite/bin/Debug/TestStagingSite.DLL" adapterTypeName="Microsoft.VisualStudio.TestTools.TestTypes.Unit.UnitTestAdapter, Microsoft.VisualStudio.QualityTools.Tips.UnitTest.Adapter, Version=10.0.0.0, Culture=neutral, PublicKeyToken=b03f5f7f11d50a3a" className="TestStagingSite.TestContactUs, TestStagingSite, Version=1.0.0.0, Culture=neutral, PublicKeyToken=null" name="TestInvaidEmail" />
    </UnitTest>
  </TestDefinitions>
  <TestLists>
    <TestList name="Results Not in a List" id="8c84fa94-04c1-424b-9868-57a2d4851a1d" />
    <TestList name="All Loaded Results" id="19431567-8539-422a-85d7-44ee4e166bda" />
  </TestLists>
  <TestEntries>
    <TestEntry testId="530facef-20e5-c263-5632-3bbc067df1f9" executionId="66ec96d1-e975-430a-a22e-fbb9996b9d87" testListId="8c84fa94-04c1-424b-9868-57a2d4851a1d" />
    <TestEntry testId="40c6c294-cd56-452d-0c3f-a20f2f610c18" executionId="661cf777-6ab4-4971-a818-3f3c9480547f" testListId="8c84fa94-04c1-424b-9868-57a2d4851a1d" />
    <TestEntry testId="1d4b0824-427d-90b9-7317-152fa2c09ef3" executionId="ec0c660a-7eb5-46f7-a44a-976f38d83211" testListId="8c84fa94-04c1-424b-9868-57a2d4851a1d" />
    <TestEntry testId="445adb9a-fb3b-77ea-5c9d-9c1d8e76c1ba" executionId="c2f69829-bbce-4423-b968-8492c3e1d4f0" testListId="8c84fa94-04c1-424b-9868-57a2d4851a1d" />
  </TestEntries>
  <Results>
    <UnitTestResult executionId="66ec96d1-e975-430a-a22e-fbb9996b9d87" testId="530facef-20e5-c263-5632-3bbc067df1f9" testName="TestValidSubmission" computerName="MUNNI" startTime="2015-10-18T00:36:56.2554873+01:00" endTime="2015-10-18T00:36:57.0754278+01:00" testType="13cdc9d9-ddb5-4fa4-a97d-d965ccfc6d4b" outcome="Failed" testListId="8c84fa94-04c1-424b-9868-57a2d4851a1d" relativeResultsDirectory="66ec96d1-e975-430a-a22e-fbb9996b9d87">
      <Output>
        <ErrorInfo>
          <Message>Class Initialization method TestStagingSite.TestContactUs.ClassSetup threw exception. OpenQA.Selenium.DriverServiceNotFoundException: OpenQA.Selenium.DriverServiceNotFoundException: The file \\..\\..\\..\\chromedriver.exe does not exist. The driver can be downloaded at http://chromedriver.storage.googleapis.com/index.html.</Message>
          <StackTrace>    at OpenQA.Selenium.DriverService..ctor(String servicePath, Int32 port, String driverServiceExecutableName, Uri driverServiceDownloadUrl) in c:\Projects\webdriver\dotnet\src\webdriver\DriverService.cs:line 65
   at OpenQA.Selenium.Chrome.ChromeDriverService..ctor(String executablePath, String executableFileName, Int32 port) in c:\Projects\webdriver\dotnet\src\webdriver\Chrome\ChromeDriverService.cs:line 47
   at OpenQA.Selenium.Chrome.ChromeDriverService.CreateDefaultService(String driverPath, String driverExecutableFileName) in c:\Projects\webdriver\dotnet\src\webdriver\Chrome\ChromeDriverService.cs:line 168
   at OpenQA.Selenium.Chrome.ChromeDriverService.CreateDefaultService(String driverPath) in c:\Projects\webdriver\dotnet\src\webdriver\Chrome\ChromeDriverService.cs:line 157
   at OpenQA.Selenium.Chrome.ChromeDriver..ctor(String chromeDriverDirectory, ChromeOptions options, TimeSpan commandTimeout) in c:\Projects\webdriver\dotnet\src\webdriver\Chrome\ChromeDriver.cs:line 122
   at OpenQA.Selenium.Chrome.ChromeDriver..ctor(String chromeDriverDirectory, ChromeOptions options) in c:\Projects\webdriver\dotnet\src\webdriver\Chrome\ChromeDriver.cs:line 110
   at OpenQA.Selenium.Chrome.ChromeDriver..ctor(String chromeDriverDirectory) in c:\Projects\webdriver\dotnet\src\webdriver\Chrome\ChromeDriver.cs:line 99
   at TestStagingSite.TestContactUs.ClassSetup(TestContext a) in C:\Users\Satya\Desktop\SeleniumTest\QAWorksTest\TestStagingSite\TestContactUs.cs:line 20
</StackTrace>
        </ErrorInfo>
      </Output>
    </UnitTestResult>
    <UnitTestResult executionId="661cf777-6ab4-4971-a818-3f3c9480547f" testId="40c6c294-cd56-452d-0c3f-a20f2f610c18" testName="TestInvaidEmail" computerName="MUNNI" startTime="2015-10-18T00:36:57.0754278+01:00" endTime="2015-10-18T00:36:57.1066789+01:00" testType="13cdc9d9-ddb5-4fa4-a97d-d965ccfc6d4b" outcome="Failed" testListId="8c84fa94-04c1-424b-9868-57a2d4851a1d" relativeResultsDirectory="661cf777-6ab4-4971-a818-3f3c9480547f">
      <Output>
        <ErrorInfo>
          <Message>Class Initialization method TestStagingSite.TestContactUs.ClassSetup threw exception. OpenQA.Selenium.DriverServiceNotFoundException: OpenQA.Selenium.DriverServiceNotFoundException: The file \\..\\..\\..\\chromedriver.exe does not exist. The driver can be downloaded at http://chromedriver.storage.googleapis.com/index.html.</Message>
          <StackTrace>    at OpenQA.Selenium.DriverService..ctor(String servicePath, Int32 port, String driverServiceExecutableName, Uri driverServiceDownloadUrl) in c:\Projects\webdriver\dotnet\src\webdriver\DriverService.cs:line 65
   at OpenQA.Selenium.Chrome.ChromeDriverService..ctor(String executablePath, String executableFileName, Int32 port) in c:\Projects\webdriver\dotnet\src\webdriver\Chrome\ChromeDriverService.cs:line 47
   at OpenQA.Selenium.Chrome.ChromeDriverService.CreateDefaultService(String driverPath, String driverExecutableFileName) in c:\Projects\webdriver\dotnet\src\webdriver\Chrome\ChromeDriverService.cs:line 168
   at OpenQA.Selenium.Chrome.ChromeDriverService.CreateDefaultService(String driverPath) in c:\Projects\webdriver\dotnet\src\webdriver\Chrome\ChromeDriverService.cs:line 157
   at OpenQA.Selenium.Chrome.ChromeDriver..ctor(String chromeDriverDirectory, ChromeOptions options, TimeSpan commandTimeout) in c:\Projects\webdriver\dotnet\src\webdriver\Chrome\ChromeDriver.cs:line 122
   at OpenQA.Selenium.Chrome.ChromeDriver..ctor(String chromeDriverDirectory, ChromeOptions options) in c:\Projects\webdriver\dotnet\src\webdriver\Chrome\ChromeDriver.cs:line 110
   at OpenQA.Selenium.Chrome.ChromeDriver..ctor(String chromeDriverDirectory) in c:\Projects\webdriver\dotnet\src\webdriver\Chrome\ChromeDriver.cs:line 99
   at TestStagingSite.TestContactUs.ClassSetup(TestContext a) in C:\Users\Satya\Desktop\SeleniumTest\QAWorksTest\TestStagingSite\TestContactUs.cs:line 20
</StackTrace>
        </ErrorInfo>
      </Output>
    </UnitTestResult>
    <UnitTestResult executionId="ec0c660a-7eb5-46f7-a44a-976f38d83211" testId="1d4b0824-427d-90b9-7317-152fa2c09ef3" testName="TestEnteringBlankDataAndClickSend" computerName="MUNNI" startTime="2015-10-18T00:36:57.1066789+01:00" endTime="2015-10-18T00:36:57.1223066+01:00" testType="13cdc9d9-ddb5-4fa4-a97d-d965ccfc6d4b" outcome="Failed" testListId="8c84fa94-04c1-424b-9868-57a2d4851a1d" relativeResultsDirectory="ec0c660a-7eb5-46f7-a44a-976f38d83211">
      <Output>
        <ErrorInfo>
          <Message>Class Initialization method TestStagingSite.TestContactUs.ClassSetup threw exception. OpenQA.Selenium.DriverServiceNotFoundException: OpenQA.Selenium.DriverServiceNotFoundException: The file \\..\\..\\..\\chromedriver.exe does not exist. The driver can be downloaded at http://chromedriver.storage.googleapis.com/index.html.</Message>
          <StackTrace>    at OpenQA.Selenium.DriverService..ctor(String servicePath, Int32 port, String driverServiceExecutableName, Uri driverServiceDownloadUrl) in c:\Projects\webdriver\dotnet\src\webdriver\DriverService.cs:line 65
   at OpenQA.Selenium.Chrome.ChromeDriverService..ctor(String executablePath, String executableFileName, Int32 port) in c:\Projects\webdriver\dotnet\src\webdriver\Chrome\ChromeDriverService.cs:line 47
   at OpenQA.Selenium.Chrome.ChromeDriverService.CreateDefaultService(String driverPath, String driverExecutableFileName) in c:\Projects\webdriver\dotnet\src\webdriver\Chrome\ChromeDriverService.cs:line 168
   at OpenQA.Selenium.Chrome.ChromeDriverService.CreateDefaultService(String driverPath) in c:\Projects\webdriver\dotnet\src\webdriver\Chrome\ChromeDriverService.cs:line 157
   at OpenQA.Selenium.Chrome.ChromeDriver..ctor(String chromeDriverDirectory, ChromeOptions options, TimeSpan commandTimeout) in c:\Projects\webdriver\dotnet\src\webdriver\Chrome\ChromeDriver.cs:line 122
   at OpenQA.Selenium.Chrome.ChromeDriver..ctor(String chromeDriverDirectory, ChromeOptions options) in c:\Projects\webdriver\dotnet\src\webdriver\Chrome\ChromeDriver.cs:line 110
   at OpenQA.Selenium.Chrome.ChromeDriver..ctor(String chromeDriverDirectory) in c:\Projects\webdriver\dotnet\src\webdriver\Chrome\ChromeDriver.cs:line 99
   at TestStagingSite.TestContactUs.ClassSetup(TestContext a) in C:\Users\Satya\Desktop\SeleniumTest\QAWorksTest\TestStagingSite\TestContactUs.cs:line 20
</StackTrace>
        </ErrorInfo>
      </Output>
    </UnitTestResult>
    <UnitTestResult executionId="c2f69829-bbce-4423-b968-8492c3e1d4f0" testId="445adb9a-fb3b-77ea-5c9d-9c1d8e76c1ba" testName="TestInvaidEmailAndClickSend" computerName="MUNNI" startTime="2015-10-18T00:36:57.1379305+01:00" endTime="2015-10-18T00:36:57.1535560+01:00" testType="13cdc9d9-ddb5-4fa4-a97d-d965ccfc6d4b" outcome="Failed" testListId="8c84fa94-04c1-424b-9868-57a2d4851a1d" relativeResultsDirectory="c2f69829-bbce-4423-b968-8492c3e1d4f0">
      <Output>
        <ErrorInfo>
          <Message>Class Initialization method TestStagingSite.TestContactUs.ClassSetup threw exception. OpenQA.Selenium.DriverServiceNotFoundException: OpenQA.Selenium.DriverServiceNotFoundException: The file \\..\\..\\..\\chromedriver.exe does not exist. The driver can be downloaded at http://chromedriver.storage.googleapis.com/index.html.</Message>
          <StackTrace>    at OpenQA.Selenium.DriverService..ctor(String servicePath, Int32 port, String driverServiceExecutableName, Uri driverServiceDownloadUrl) in c:\Projects\webdriver\dotnet\src\webdriver\DriverService.cs:line 65
   at OpenQA.Selenium.Chrome.ChromeDriverService..ctor(String executablePath, String executableFileName, Int32 port) in c:\Projects\webdriver\dotnet\src\webdriver\Chrome\ChromeDriverService.cs:line 47
   at OpenQA.Selenium.Chrome.ChromeDriverService.CreateDefaultService(String driverPath, String driverExecutableFileName) in c:\Projects\webdriver\dotnet\src\webdriver\Chrome\ChromeDriverService.cs:line 168
   at OpenQA.Selenium.Chrome.ChromeDriverService.CreateDefaultService(String driverPath) in c:\Projects\webdriver\dotnet\src\webdriver\Chrome\ChromeDriverService.cs:line 157
   at OpenQA.Selenium.Chrome.ChromeDriver..ctor(String chromeDriverDirectory, ChromeOptions options, TimeSpan commandTimeout) in c:\Projects\webdriver\dotnet\src\webdriver\Chrome\ChromeDriver.cs:line 122
   at OpenQA.Selenium.Chrome.ChromeDriver..ctor(String chromeDriverDirectory, ChromeOptions options) in c:\Projects\webdriver\dotnet\src\webdriver\Chrome\ChromeDriver.cs:line 110
   at OpenQA.Selenium.Chrome.ChromeDriver..ctor(String chromeDriverDirectory) in c:\Projects\webdriver\dotnet\src\webdriver\Chrome\ChromeDriver.cs:line 99
   at TestStagingSite.TestContactUs.ClassSetup(TestContext a) in C:\Users\Satya\Desktop\SeleniumTest\QAWorksTest\TestStagingSite\TestContactUs.cs:line 20
</StackTrace>
        </ErrorInfo>
      </Output>
    </UnitTestResult>
  </Results>
</TestRun>